# CVS $Revision: $ $Author: $
SOURCELONG:Midgard Heroes	SOURCESHORT:MH	SOURCEDATE:2015-01
# Original Entry: See contributors listed in PCC file.


# Ability Name		Unique Key						SORTKEY		Category of Ability		Type										Visible		Description																																											Template			Ability																					Bonus Ability Pool						Bonus to HP			Stat bonus				Modify VAR						Source Page		Aspects
Racial Trait ~ Alseid										CATEGORY:Internal																																																														ABILITY:Alseid Trait|AUTOMATIC|TYPE=Base Alseid Trait														

Ability Score Increase	KEY:Alseid ~ Ability Score Increase			SORTKEY:1_Race	CATEGORY:Special Ability	TYPE:Alseid Trait.Base Alseid Trait.SpecialQuality.Race Trait			VISIBLE:EXPORT	DESC:Your Dexterity score increases by 2, and your Wisdom score increases by 1.																																																																																				SOURCEPAGE:p.3
Darkvision		KEY:Alseid ~ Darkvision					SORTKEY:1_Race	CATEGORY:Special Ability	TYPE:Alseid Trait.Base Alseid Trait.SpecialQuality.Race Trait			VISIBLE:EXPORT	DESC:You can see in dim light within 60 feet of you as if it were bright light, and in darkness as if it were dim light. You can’t discern color in darkness, only shades of gray.																																															BONUS:VAR|DarkvisionRange|60|TYPE=Base																				SOURCEPAGE:p.3
Alseid Weapon Training	KEY:Alseid ~ Alseid Weapon Training			SORTKEY:1_Race	CATEGORY:Special Ability	TYPE:Alseid Trait.Base Alseid Trait.SpecialQuality.Race Trait			VISIBLE:EXPORT	DESC:You have proficiency with spears and shortbows.																																										ABILITY:Weapon|AUTOMATIC|Spear|Shortbow																																									SOURCEPAGE:p.3
Light Hooves		KEY:Alseid ~ Light Hooves				SORTKEY:1_Race	CATEGORY:Special Ability	TYPE:Alseid Trait.Base Alseid Trait.SpecialQuality.Race Trait			VISIBLE:EXPORT	DESC:You have proficiency in the Stealth skill.																																											ABILITY:Skill|AUTOMATIC|Stealth																																										SOURCEPAGE:p.3
Quadruped		KEY:Alseid ~ Quadruped					SORTKEY:1_Race	CATEGORY:Special Ability	TYPE:Alseid Trait.Base Alseid Trait.SpecialQuality.Race Trait			VISIBLE:EXPORT	DESC:The mundane details of the structures of humanoids can present considerable obstacles for you, such as ladders and manholes.																																																																													SOURCEPAGE:p.3
Woodfriend		KEY:Alseid ~ Woodfriend					SORTKEY:1_Race	CATEGORY:Special Ability	TYPE:Alseid Trait.Base Alseid Trait.SpecialQuality.Race Trait			VISIBLE:EXPORT	DESC:When in a forest, you leave no tracks and can automatically discern true north.																																																																																			SOURCEPAGE:p.3
Languages		KEY:Alseid ~ Languages					SORTKEY:1_Race	CATEGORY:Special Ability	TYPE:Alseid Trait.Base Alseid Trait.SpecialQuality.Race Trait					DESC:You can speak, read, and write Elvish and Trade Tongue.																																									ABILITY:Language Selection|AUTOMATIC|Elvish|Trade Tongue																																						SOURCEPAGE:p.3
