# CVS $Revision: $ $Author: $
#SOURCELONG:Midgard Heroes	SOURCESHORT:MH	SOURCEWEB:http://www.koboldpress.com/	SOURCEDATE:2015-01
# Original Entry: See contributors listed in PCC file.

# Ability Category						Visible		Editable?		Change Pool?	Base Pool number						Category of Object		Type of Object											Specific choices list																				Display Location
ABILITYCATEGORY:Alseid Trait					VISIBLE:QUALIFY	EDITABLE:YES		EDITPOOL:NO									CATEGORY:Special Ability	TYPE:Alseid Trait																																DISPLAYLOCATION:Character
ABILITYCATEGORY:Centaur Trait					VISIBLE:QUALIFY	EDITABLE:YES		EDITPOOL:NO									CATEGORY:Special Ability	TYPE:Centaur Trait																																DISPLAYLOCATION:Character
ABILITYCATEGORY:Dragonkin Trait					VISIBLE:QUALIFY	EDITABLE:YES		EDITPOOL:NO									CATEGORY:Special Ability	TYPE:Dragonkin Trait																																DISPLAYLOCATION:Character
ABILITYCATEGORY:Dragonkin Subrace				VISIBLE:QUALIFY	EDITABLE:YES		EDITPOOL:NO									CATEGORY:Internal		TYPE:DragonkinSubrace																																DISPLAYLOCATION:Character
